To honour the JVM settings for this build a single-use Daemon process will be forked. For more on this, please refer to https://docs.gradle.org/8.2/userguide/gradle_daemon.html#sec:disabling_the_daemon in the Gradle documentation.
Daemon will be stopped at the end of the build 

> Configure project :app
WARNING: The option setting 'android.defaults.buildfeatures.buildconfig=true' is deprecated.
The current default is 'false'.
It will be removed in version 9.0 of the Android Gradle plugin.
You can resolve this warning in Android Studio via `Refactor` > `Migrate BuildConfig to Gradle Build Files`

> Configure project :runtime
⚠️  Wasmtime library not found - native build disabled
   WASM execution will not be available at runtime
   Run ./scripts/build-wasmtime.sh to enable WASM support

FAILURE: Build failed with an exception.

* What went wrong:
Could not determine the dependencies of task ':core:compileKotlin'.
> SystemInfo is not supported on this operating system.

* Try:
> Run with --stacktrace option to get the stack trace.
> Run with --info or --debug option to get more log output.
> Run with --scan to get full insights.
> Get more help at https://help.gradle.org.

BUILD FAILED in 9s
